// Jest Snapshot v1, https://goo.gl/fbAQLP

exports[`should render Header 1`] = `
<div>
  <div
    class="container"
  >
    <div
      class="acme"
    >
      <a
        href="/"
      >
        ACME INC
      </a>
    </div>
    <div>
      <div>
        Not Signed In  
        <a
          href="/login"
        >
            Sign in
        </a>
      </div>
    </div>
    <div>
      <p />
    </div>
    <br />
    <br />
  </div>
</div>
`;
